
> professional-website@0.1.0 test
> jest

FAIL tests/performance/core-web-vitals.test.tsx
  ● Console

    console.error
      Warning: A suspended resource finished loading inside a test, but the event was not wrapped in act(...).
      
      When testing, code that resolves suspended data should be wrapped into act(...):
      
      act(() => {
        /* finish loading suspended data */
      });
      /* assert on the output */
      
      This ensures that you're testing the behavior the user would see in the browser. Learn more at https://reactjs.org/link/wrap-tests-with-act

    [0m [90m 135 |[39m     [36mreturn[39m[33m;[39m
     [90m 136 |[39m   }
    [31m[1m>[22m[39m[90m 137 |[39m   originalConsoleError[33m.[39mcall(console[33m,[39m [33m...[39margs)[33m;[39m
     [90m     |[39m                        [31m[1m^[22m[39m
     [90m 138 |[39m }[33m;[39m
     [90m 139 |[39m
     [90m 140 |[39m [90m// Setup performance measurement helpers[39m[0m

      at console.call [as error] (tests/setup.js:137:24)
      at printWarning (node_modules/react-dom/cjs/react-dom.development.js:86:30)
      at error (node_modules/react-dom/cjs/react-dom.development.js:60:7)
      at warnIfSuspenseResolutionNotWrappedWithActDEV (node_modules/react-dom/cjs/react-dom.development.js:27643:7)
      at pingSuspendedRoot (node_modules/react-dom/cjs/react-dom.development.js:27228:3)

    console.log
      clicked

      at log (tests/performance/core-web-vitals.test.tsx:178:40)

  ● Performance Tests - Core Web Vitals & Optimization › Largest Contentful Paint (LCP) › prioritizes above-the-fold content

    expect(received).toBe(expected) // Object.is equality

    Expected: "eager"
    Received: undefined

    [0m [90m 223 |[39m
     [90m 224 |[39m       [36mconst[39m img [33m=[39m container[33m.[39mquerySelector([32m'img'[39m) [36mas[39m [33mHTMLImageElement[39m[33m;[39m
    [31m[1m>[22m[39m[90m 225 |[39m       expect(img[33m.[39mloading)[33m.[39mtoBe([32m'eager'[39m)[33m;[39m
     [90m     |[39m                           [31m[1m^[22m[39m
     [90m 226 |[39m       
     [90m 227 |[39m       [36mconst[39m heading [33m=[39m container[33m.[39mquerySelector([32m'h1'[39m)[33m;[39m
     [90m 228 |[39m       expect(heading)[33m.[39mtoBeTruthy()[33m;[39m[0m

      at Object.toBe (tests/performance/core-web-vitals.test.tsx:225:27)

PASS tests/accessibility/wcag-compliance.test.tsx
FAIL tests/unit/Header.test.tsx
  ● Console

    console.error
      Warning: Received `false` for a non-boolean attribute `fill`.
      
      If you want to write it to the DOM, pass a string instead: fill="false" or fill={value.toString()}.
      
      If you used to conditionally omit it with fill={condition && value}, pass fill={condition ? value : undefined} instead.
          at img
          at src (C:\gladen\FixtureSync\daniel\woodcrave\opit2\check2\tests\setup.js:48:27)
          at div
          at src (C:\gladen\FixtureSync\daniel\woodcrave\opit2\check2\src\components\OptimizedImage.tsx:21:3)
          at a
          at hrefProp (C:\gladen\FixtureSync\daniel\woodcrave\opit2\check2\node_modules\next\src\client\link.tsx:296:13)
          at div
          at useContext (C:\gladen\FixtureSync\daniel\woodcrave\opit2\check2\node_modules\framer-motion\dist\cjs\index.js:202:22)
          at div
          at div
          at header
          at useContext (C:\gladen\FixtureSync\daniel\woodcrave\opit2\check2\node_modules\framer-motion\dist\cjs\index.js:202:22)
          at Header (C:\gladen\FixtureSync\daniel\woodcrave\opit2\check2\src\components\Header.tsx:11:59)

    [0m [90m 135 |[39m     [36mreturn[39m[33m;[39m
     [90m 136 |[39m   }
    [31m[1m>[22m[39m[90m 137 |[39m   originalConsoleError[33m.[39mcall(console[33m,[39m [33m...[39margs)[33m;[39m
     [90m     |[39m                        [31m[1m^[22m[39m
     [90m 138 |[39m }[33m;[39m
     [90m 139 |[39m
     [90m 140 |[39m [90m// Setup performance measurement helpers[39m[0m

      at console.call [as error] (tests/setup.js:137:24)
      at printWarning (node_modules/react-dom/cjs/react-dom.development.js:86:30)
      at error (node_modules/react-dom/cjs/react-dom.development.js:60:7)
      at validateProperty$1 (node_modules/react-dom/cjs/react-dom.development.js:3767:9)
      at warnUnknownProperties (node_modules/react-dom/cjs/react-dom.development.js:3803:21)
      at validateProperties$2 (node_modules/react-dom/cjs/react-dom.development.js:3827:3)
      at validatePropertiesInDevelopment (node_modules/react-dom/cjs/react-dom.development.js:9541:5)
      at setInitialProperties (node_modules/react-dom/cjs/react-dom.development.js:9830:5)
      at finalizeInitialChildren (node_modules/react-dom/cjs/react-dom.development.js:10950:3)
      at completeWork (node_modules/react-dom/cjs/react-dom.development.js:22232:17)
      at completeUnitOfWork (node_modules/react-dom/cjs/react-dom.development.js:26632:16)
      at performUnitOfWork (node_modules/react-dom/cjs/react-dom.development.js:26607:5)
      at workLoopSync (node_modules/react-dom/cjs/react-dom.development.js:26505:5)
      at renderRootSync (node_modules/react-dom/cjs/react-dom.development.js:26473:7)
      at performConcurrentWorkOnRoot (node_modules/react-dom/cjs/react-dom.development.js:25777:74)
      at flushActQueue (node_modules/react/cjs/react.development.js:2667:24)
      at act (node_modules/react/cjs/react.development.js:2582:11)
      at node_modules/@testing-library/react/dist/act-compat.js:47:25
      at renderRoot (node_modules/@testing-library/react/dist/pure.js:180:26)
      at render (node_modules/@testing-library/react/dist/pure.js:271:10)
      at Object.<anonymous> (tests/unit/Header.test.tsx:26:13)

    console.error
      Warning: Received `true` for a non-boolean attribute `priority`.
      
      If you want to write it to the DOM, pass a string instead: priority="true" or priority={value.toString()}.
          at img
          at src (C:\gladen\FixtureSync\daniel\woodcrave\opit2\check2\tests\setup.js:48:27)
          at div
          at src (C:\gladen\FixtureSync\daniel\woodcrave\opit2\check2\src\components\OptimizedImage.tsx:21:3)
          at a
          at hrefProp (C:\gladen\FixtureSync\daniel\woodcrave\opit2\check2\node_modules\next\src\client\link.tsx:296:13)
          at div
          at useContext (C:\gladen\FixtureSync\daniel\woodcrave\opit2\check2\node_modules\framer-motion\dist\cjs\index.js:202:22)
          at div
          at div
          at header
          at useContext (C:\gladen\FixtureSync\daniel\woodcrave\opit2\check2\node_modules\framer-motion\dist\cjs\index.js:202:22)
          at Header (C:\gladen\FixtureSync\daniel\woodcrave\opit2\check2\src\components\Header.tsx:11:59)

    [0m [90m 135 |[39m     [36mreturn[39m[33m;[39m
     [90m 136 |[39m   }
    [31m[1m>[22m[39m[90m 137 |[39m   originalConsoleError[33m.[39mcall(console[33m,[39m [33m...[39margs)[33m;[39m
     [90m     |[39m                        [31m[1m^[22m[39m
     [90m 138 |[39m }[33m;[39m
     [90m 139 |[39m
     [90m 140 |[39m [90m// Setup performance measurement helpers[39m[0m

      at console.call [as error] (tests/setup.js:137:24)
      at printWarning (node_modules/react-dom/cjs/react-dom.development.js:86:30)
      at error (node_modules/react-dom/cjs/react-dom.development.js:60:7)
      at validateProperty$1 (node_modules/react-dom/cjs/react-dom.development.js:3765:9)
      at warnUnknownProperties (node_modules/react-dom/cjs/react-dom.development.js:3803:21)
      at validateProperties$2 (node_modules/react-dom/cjs/react-dom.development.js:3827:3)
      at validatePropertiesInDevelopment (node_modules/react-dom/cjs/react-dom.development.js:9541:5)
      at setInitialProperties (node_modules/react-dom/cjs/react-dom.development.js:9830:5)
      at finalizeInitialChildren (node_modules/react-dom/cjs/react-dom.development.js:10950:3)
      at completeWork (node_modules/react-dom/cjs/react-dom.development.js:22232:17)
      at completeUnitOfWork (node_modules/react-dom/cjs/react-dom.development.js:26632:16)
      at performUnitOfWork (node_modules/react-dom/cjs/react-dom.development.js:26607:5)
      at workLoopSync (node_modules/react-dom/cjs/react-dom.development.js:26505:5)
      at renderRootSync (node_modules/react-dom/cjs/react-dom.development.js:26473:7)
      at performConcurrentWorkOnRoot (node_modules/react-dom/cjs/react-dom.development.js:25777:74)
      at flushActQueue (node_modules/react/cjs/react.development.js:2667:24)
      at act (node_modules/react/cjs/react.development.js:2582:11)
      at node_modules/@testing-library/react/dist/act-compat.js:47:25
      at renderRoot (node_modules/@testing-library/react/dist/pure.js:180:26)
      at render (node_modules/@testing-library/react/dist/pure.js:271:10)
      at Object.<anonymous> (tests/unit/Header.test.tsx:26:13)

    console.error
      Warning: React does not recognize the `blurDataURL` prop on a DOM element. If you intentionally want it to appear in the DOM as a custom attribute, spell it as lowercase `blurdataurl` instead. If you accidentally passed it from a parent component, remove it from the DOM element.
          at img
          at src (C:\gladen\FixtureSync\daniel\woodcrave\opit2\check2\tests\setup.js:48:27)
          at div
          at src (C:\gladen\FixtureSync\daniel\woodcrave\opit2\check2\src\components\OptimizedImage.tsx:21:3)
          at a
          at hrefProp (C:\gladen\FixtureSync\daniel\woodcrave\opit2\check2\node_modules\next\src\client\link.tsx:296:13)
          at div
          at useContext (C:\gladen\FixtureSync\daniel\woodcrave\opit2\check2\node_modules\framer-motion\dist\cjs\index.js:202:22)
          at div
          at div
          at header
          at useContext (C:\gladen\FixtureSync\daniel\woodcrave\opit2\check2\node_modules\framer-motion\dist\cjs\index.js:202:22)
          at Header (C:\gladen\FixtureSync\daniel\woodcrave\opit2\check2\src\components\Header.tsx:11:59)

    [0m [90m 135 |[39m     [36mreturn[39m[33m;[39m
     [90m 136 |[39m   }
    [31m[1m>[22m[39m[90m 137 |[39m   originalConsoleError[33m.[39mcall(console[33m,[39m [33m...[39margs)[33m;[39m
     [90m     |[39m                        [31m[1m^[22m[39m
     [90m 138 |[39m }[33m;[39m
     [90m 139 |[39m
     [90m 140 |[39m [90m// Setup performance measurement helpers[39m[0m

      at console.call [as error] (tests/setup.js:137:24)
      at printWarning (node_modules/react-dom/cjs/react-dom.development.js:86:30)
      at error (node_modules/react-dom/cjs/react-dom.development.js:60:7)
      at validateProperty$1 (node_modules/react-dom/cjs/react-dom.development.js:3757:7)
      at warnUnknownProperties (node_modules/react-dom/cjs/react-dom.development.js:3803:21)
      at validateProperties$2 (node_modules/react-dom/cjs/react-dom.development.js:3827:3)
      at validatePropertiesInDevelopment (node_modules/react-dom/cjs/react-dom.development.js:9541:5)
      at setInitialProperties (node_modules/react-dom/cjs/react-dom.development.js:9830:5)
      at finalizeInitialChildren (node_modules/react-dom/cjs/react-dom.development.js:10950:3)
      at completeWork (node_modules/react-dom/cjs/react-dom.development.js:22232:17)
      at completeUnitOfWork (node_modules/react-dom/cjs/react-dom.development.js:26632:16)
      at performUnitOfWork (node_modules/react-dom/cjs/react-dom.development.js:26607:5)
      at workLoopSync (node_modules/react-dom/cjs/react-dom.development.js:26505:5)
      at renderRootSync (node_modules/react-dom/cjs/react-dom.development.js:26473:7)
      at performConcurrentWorkOnRoot (node_modules/react-dom/cjs/react-dom.development.js:25777:74)
      at flushActQueue (node_modules/react/cjs/react.development.js:2667:24)
      at act (node_modules/react/cjs/react.development.js:2582:11)
      at node_modules/@testing-library/react/dist/act-compat.js:47:25
      at renderRoot (node_modules/@testing-library/react/dist/pure.js:180:26)
      at render (node_modules/@testing-library/react/dist/pure.js:271:10)
      at Object.<anonymous> (tests/unit/Header.test.tsx:26:13)

    console.error
      Warning: An update to Header inside a test was not wrapped in act(...).
      
      When testing, code that causes React state updates should be wrapped into act(...):
      
      act(() => {
        /* fire events that update state */
      });
      /* assert on the output */
      
      This ensures that you're testing the behavior the user would see in the browser. Learn more at https://reactjs.org/link/wrap-tests-with-act
          at Header (C:\gladen\FixtureSync\daniel\woodcrave\opit2\check2\src\components\Header.tsx:11:59)

    [0m [90m 135 |[39m     [36mreturn[39m[33m;[39m
     [90m 136 |[39m   }
    [31m[1m>[22m[39m[90m 137 |[39m   originalConsoleError[33m.[39mcall(console[33m,[39m [33m...[39margs)[33m;[39m
     [90m     |[39m                        [31m[1m^[22m[39m
     [90m 138 |[39m }[33m;[39m
     [90m 139 |[39m
     [90m 140 |[39m [90m// Setup performance measurement helpers[39m[0m

      at console.call [as error] (tests/setup.js:137:24)
      at printWarning (node_modules/react-dom/cjs/react-dom.development.js:86:30)
      at error (node_modules/react-dom/cjs/react-dom.development.js:60:7)
      at warnIfUpdatesNotWrappedWithActDEV (node_modules/react-dom/cjs/react-dom.development.js:27628:9)
      at scheduleUpdateOnFiber (node_modules/react-dom/cjs/react-dom.development.js:25547:5)
      at dispatchSetState (node_modules/react-dom/cjs/react-dom.development.js:16708:7)
      at setIsMobileMenuOpen (src/components/Header.tsx:19:5)
      at HTMLUnknownElement.callCallback (node_modules/react-dom/cjs/react-dom.development.js:4164:14)
      at HTMLUnknownElement.callTheUserObjectsOperation (node_modules/jsdom/lib/jsdom/living/generated/EventListener.js:26:30)
      at innerInvokeEventListeners (node_modules/jsdom/lib/jsdom/living/events/EventTarget-impl.js:350:25)
      at invokeEventListeners (node_modules/jsdom/lib/jsdom/living/events/EventTarget-impl.js:286:3)
      at HTMLUnknownElementImpl._dispatch (node_modules/jsdom/lib/jsdom/living/events/EventTarget-impl.js:233:9)
      at HTMLUnknownElementImpl.dispatchEvent (node_modules/jsdom/lib/jsdom/living/events/EventTarget-impl.js:104:17)
      at HTMLUnknownElement.dispatchEvent (node_modules/jsdom/lib/jsdom/living/generated/EventTarget.js:241:34)
      at Object.invokeGuardedCallbackDev (node_modules/react-dom/cjs/react-dom.development.js:4213:16)
      at invokeGuardedCallback (node_modules/react-dom/cjs/react-dom.development.js:4277:31)
      at invokeGuardedCallbackAndCatchFirstError (node_modules/react-dom/cjs/react-dom.development.js:4291:25)
      at executeDispatch (node_modules/react-dom/cjs/react-dom.development.js:9041:3)
      at processDispatchQueueItemsInOrder (node_modules/react-dom/cjs/react-dom.development.js:9073:7)
      at processDispatchQueue (node_modules/react-dom/cjs/react-dom.development.js:9086:5)
      at dispatchEventsForPlugins (node_modules/react-dom/cjs/react-dom.development.js:9097:3)
      at node_modules/react-dom/cjs/react-dom.development.js:9288:12
      at batchedUpdates$1 (node_modules/react-dom/cjs/react-dom.development.js:26179:12)
      at batchedUpdates (node_modules/react-dom/cjs/react-dom.development.js:3991:12)
      at dispatchEventForPluginEventSystem (node_modules/react-dom/cjs/react-dom.development.js:9287:3)
      at dispatchEventWithEnableCapturePhaseSelectiveHydrationWithoutDiscreteEventReplay (node_modules/react-dom/cjs/react-dom.development.js:6465:5)
      at dispatchEvent (node_modules/react-dom/cjs/react-dom.development.js:6457:5)
      at dispatchDiscreteEvent (node_modules/react-dom/cjs/react-dom.development.js:6430:5)
      at HTMLDivElement.callTheUserObjectsOperation (node_modules/jsdom/lib/jsdom/living/generated/EventListener.js:26:30)
      at innerInvokeEventListeners (node_modules/jsdom/lib/jsdom/living/events/EventTarget-impl.js:350:25)
      at invokeEventListeners (node_modules/jsdom/lib/jsdom/living/events/EventTarget-impl.js:286:3)
      at HTMLButtonElementImpl._dispatch (node_modules/jsdom/lib/jsdom/living/events/EventTarget-impl.js:233:9)
      at HTMLButtonElementImpl.dispatchEvent (node_modules/jsdom/lib/jsdom/living/events/EventTarget-impl.js:104:17)
      at HTMLButtonElement.dispatchEvent (node_modules/jsdom/lib/jsdom/living/generated/EventTarget.js:241:34)
      at node_modules/@testing-library/user-event/dist/cjs/event/dispatchEvent.js:45:43
      at Object.eventWrapper (node_modules/@testing-library/dom/dist/config.js:25:23)
      at Object.wrapEvent (node_modules/@testing-library/user-event/dist/cjs/event/wrapEvent.js:6:28)
      at Object.dispatchEvent (node_modules/@testing-library/user-event/dist/cjs/event/dispatchEvent.js:45:22)
      at Object.dispatchUIEvent (node_modules/@testing-library/user-event/dist/cjs/event/dispatchEvent.js:22:26)
      at Mouse.up (node_modules/@testing-library/user-event/dist/cjs/system/pointer/mouse.js:100:30)
      at PointerHost.release (node_modules/@testing-library/user-event/dist/cjs/system/pointer/index.js:87:24)
      at pointerAction (node_modules/@testing-library/user-event/dist/cjs/pointer/index.js:54:47)
      at Object.pointer (node_modules/@testing-library/user-event/dist/cjs/pointer/index.js:27:9)
      at Object.<anonymous> (tests/unit/Header.test.tsx:129:9)

  ● Header Component › Rendering › displays the brand logo/name

    TestingLibraryElementError: Unable to find an accessible element with the role "link" and name `/woodcrave|logo/i`

    Here are the accessible roles:

      banner:

      Name "":
      [36m<header[39m
        [33mclass[39m=[32m"px-6 sm:px-8 lg:px-12 py-6 bg-background/95 backdrop-blur-sm shadow-header-black fixed top-0 left-0 right-0 header-container"[39m
        [33mstyle[39m=[32m"z-index: 60; transform: translateY(-100px) translateZ(0);"[39m
      [36m/>[39m

      --------------------------------------------------
      link:

      Name "Lancaster Carving Limited - Home":
      [36m<a[39m
        [33maria-label[39m=[32m"Lancaster Carving Limited - Home"[39m
        [33mhref[39m=[32m"/"[39m
      [36m/>[39m

      Name "Lancaster Carving Limited":
      [36m<a[39m
        [33mhref[39m=[32m"/"[39m
      [36m/>[39m

      Name "About":
      [36m<a[39m
        [33mclass[39m=[32m"text-foreground/80 hover:text-accent-primary transition-colors font-medium header-nav-link focus:outline-none focus:ring-2 focus:ring-accent-primary focus:ring-offset-2 rounded-md px-3 py-2"[39m
        [33mhref[39m=[32m"/about"[39m
      [36m/>[39m

      Name "Portfolio":
      [36m<a[39m
        [33mclass[39m=[32m"text-foreground/80 hover:text-accent-primary transition-colors font-medium header-nav-link focus:outline-none focus:ring-2 focus:ring-accent-primary focus:ring-offset-2 rounded-md px-3 py-2"[39m
        [33mhref[39m=[32m"/portfolio"[39m
      [36m/>[39m

      Name "Gallery":
      [36m<a[39m
        [33mclass[39m=[32m"text-foreground/80 hover:text-accent-primary transition-colors font-medium header-nav-link focus:outline-none focus:ring-2 focus:ring-accent-primary focus:ring-offset-2 rounded-md px-3 py-2"[39m
        [33mhref[39m=[32m"/gallery"[39m
      [36m/>[39m

      Name "Projects":
      [36m<a[39m
        [33mclass[39m=[32m"text-foreground/80 hover:text-accent-primary transition-colors font-medium header-nav-link focus:outline-none focus:ring-2 focus:ring-accent-primary focus:ring-offset-2 rounded-md px-3 py-2"[39m
        [33mhref[39m=[32m"/projects"[39m
      [36m/>[39m

      Name "Process":
      [36m<a[39m
        [33mclass[39m=[32m"text-foreground/80 hover:text-accent-primary transition-colors font-medium header-nav-link focus:outline-none focus:ring-2 focus:ring-accent-primary focus:ring-offset-2 rounded-md px-3 py-2"[39m
        [33mhref[39m=[32m"/process"[39m
      [36m/>[39m

      Name "Time-lapse":
      [36m<a[39m
        [33mclass[39m=[32m"text-foreground/80 hover:text-accent-primary transition-colors font-medium header-nav-link focus:outline-none focus:ring-2 focus:ring-accent-primary focus:ring-offset-2 rounded-md px-3 py-2"[39m
        [33mhref[39m=[32m"/timelapses"[39m
      [36m/>[39m

      Name "Behind Scenes":
      [36m<a[39m
        [33mclass[39m=[32m"text-foreground/80 hover:text-accent-primary transition-colors font-medium header-nav-link focus:outline-none focus:ring-2 focus:ring-accent-primary focus:ring-offset-2 rounded-md px-3 py-2"[39m
        [33mhref[39m=[32m"/behind-the-scenes"[39m
      [36m/>[39m

      Name "Services":
      [36m<a[39m
        [33mclass[39m=[32m"text-foreground/80 hover:text-accent-primary transition-colors font-medium header-nav-link focus:outline-none focus:ring-2 focus:ring-accent-primary focus:ring-offset-2 rounded-md px-3 py-2"[39m
        [33mhref[39m=[32m"/services"[39m
      [36m/>[39m

      Name "Shop":
      [36m<a[39m
        [33mclass[39m=[32m"text-foreground/80 hover:text-accent-primary transition-colors font-medium header-nav-link focus:outline-none focus:ring-2 focus:ring-accent-primary focus:ring-offset-2 rounded-md px-3 py-2"[39m
        [33mhref[39m=[32m"/shop"[39m
      [36m/>[39m

      Name "Blog":
      [36m<a[39m
        [33mclass[39m=[32m"text-foreground/80 hover:text-accent-primary transition-colors font-medium header-nav-link focus:outline-none focus:ring-2 focus:ring-accent-primary focus:ring-offset-2 rounded-md px-3 py-2"[39m
        [33mhref[39m=[32m"/blog"[39m
      [36m/>[39m

      Name "Contact":
      [36m<a[39m
        [33mclass[39m=[32m"text-foreground/80 hover:text-accent-primary transition-colors font-medium header-nav-link focus:outline-none focus:ring-2 focus:ring-accent-primary focus:ring-offset-2 rounded-md px-3 py-2"[39m
        [33mhref[39m=[32m"/contact"[39m
      [36m/>[39m

      Name "Commission a Piece":
      [36m<a[39m
        [33mclass[39m=[32m"bg-accent-primary text-background px-4 py-2 rounded-lg font-medium header-cta-button hidden md:block hover:bg-accent-warm transition-colors focus:outline-none focus:ring-2 focus:ring-accent-primary focus:ring-offset-2"[39m
        [33mhref[39m=[32m"/commission"[39m
      [36m/>[39m

      --------------------------------------------------
      img:

      Name "Lancaster Carving Limited Logo":
      [36m<img[39m
        [33malt[39m=[32m"Lancaster Carving Limited Logo"[39m
        [33mclass[39m=[32m"transition-opacity duration-300 opacity-0"[39m
        [33mheight[39m=[32m"32"[39m
        [33mplaceholder[39m=[32m"empty"[39m
        [33mquality[39m=[32m"85"[39m
        [33msizes[39m=[32m"(max-width: 768px) 100vw, (max-width: 1200px) 50vw, 33vw"[39m
        [33msrc[39m=[32m"/logo.svg"[39m
        [33mstyle[39m=[32m"width: auto; height: auto;"[39m
        [33mwidth[39m=[32m"32"[39m
      [36m/>[39m

      --------------------------------------------------
      heading:

      Name "Lancaster Carving Limited":
      [36m<h1[39m
        [33mclass[39m=[32m"text-2xl font-serif font-bold text-accent-primary"[39m
        [33mstyle[39m=[32m"opacity: 0; transform: translateX(-20px) translateZ(0);"[39m
      [36m/>[39m

      --------------------------------------------------
      navigation:

      Name "Main navigation":
      [36m<nav[39m
        [33maria-label[39m=[32m"Main navigation"[39m
        [33mclass[39m=[32m"hidden md:flex space-x-8"[39m
        [33mrole[39m=[32m"navigation"[39m
      [36m/>[39m

      --------------------------------------------------
      button:

      Name "Toggle navigation menu":
      [36m<button[39m
        [33maria-controls[39m=[32m"mobile-menu"[39m
        [33maria-expanded[39m=[32m"false"[39m
        [33maria-label[39m=[32m"Toggle navigation menu"[39m
        [33mclass[39m=[32m"md:hidden mr-4 text-foreground/80 hover:text-accent-primary focus:outline-none focus:ring-2 focus:ring-accent-primary focus:ring-offset-2 rounded-md p-2 mobile-menu-button"[39m
      [36m/>[39m

      --------------------------------------------------

    Ignored nodes: comments, script, style
    [36m<body>[39m
      [36m<div>[39m
        [36m<header[39m
          [33mclass[39m=[32m"px-6 sm:px-8 lg:px-12 py-6 bg-background/95 backdrop-blur-sm shadow-header-black fixed top-0 left-0 right-0 header-container"[39m
          [33mstyle[39m=[32m"z-index: 60; transform: translateY(-100px) translateZ(0);"[39m
        [36m>[39m
          [36m<div[39m
            [33mclass[39m=[32m"container mx-auto flex justify-between items-center max-w-7xl px-4 lg:px-6"[39m
          [36m>[39m
            [36m<div[39m
              [33mclass[39m=[32m"flex items-center"[39m
            [36m>[39m
              [36m<div[39m
                [33mclass[39m=[32m"mr-4 header-logo"[39m
                [33mstyle[39m=[32m"opacity: 0; transform: scale(0.9) translateZ(0);"[39m
              [36m>[39m
                [36m<a[39m
                  [33maria-label[39m=[32m"Lancaster Carving Limited - Home"[39m
                  [33mhref[39m=[32m"/"[39m
                [36m>[39m
                  [36m<div[39m
                    [33mclass[39m=[32m"relative "[39m
                  [36m>[39m
                    [36m<img[39m
                      [33malt[39m=[32m"Lancaster Carving Limited Logo"[39m
                      [33mclass[39m=[32m"transition-opacity duration-300 opacity-0"[39m
                      [33mheight[39m=[32m"32"[39m
                      [33mplaceholder[39m=[32m"empty"[39m
                      [33mquality[39m=[32m"85"[39m
                      [33msizes[39m=[32m"(max-width: 768px) 100vw, (max-width: 1200px) 50vw, 33vw"[39m
                      [33msrc[39m=[32m"/logo.svg"[39m
                      [33mstyle[39m=[32m"width: auto; height: auto;"[39m
                      [33mwidth[39m=[32m"32"[39m
                    [36m/>[39m
                    [36m<div[39m
                      [33mclass[39m=[32m"absolute inset-0 flex items-center justify-center bg-accent-primary/5"[39m
                      [33mstyle[39m=[32m"width: 32px; height: 32px;"[39m
                    [36m>[39m
                      [36m<div[39m
                        [33mclass[39m=[32m"animate-pulse"[39m
                      [36m>[39m
                        [36m<div[39m
                          [33mclass[39m=[32m"w-8 h-8 bg-accent-primary/20 rounded"[39m
                        [36m/>[39m
                      [36m</div>[39m
                    [36m</div>[39m
                  [36m</div>[39m
                [36m</a>[39m
                [0m          [0m
              [36m</div>[39m
              [36m<h1[39m
                [33mclass[39m=[32m"text-2xl font-serif font-bold text-accent-primary"[39m
                [33mstyle[39m=[32m"opacity: 0; transform: translateX(-20px) translateZ(0);"[39m
              [36m>[39m
                [36m<a[39m
                  [33mhref[39m=[32m"/"[39m
                [36m>[39m
                  [0mLancaster Carving Limited[0m
                [36m</a>[39m
              [36m</h1>[39m
            [36m</div>[39m
            [36m<nav[39m
              [33maria-label[39m=[32m"Main navigation"[39m
              [33mclass[39m=[32m"hidden md:flex space-x-8"[39m
              [33mrole[39m=[32m"navigation"[39m
            [36m>[39m
              [36m<a[39m
                [33mclass[39m=[32m"text-foreground/80 hover:text-accent-primary transition-colors font-medium header-nav-link focus:outline-none focus:ring-2 focus:ring-accent-primary focus:ring-offset-2 rounded-md px-3 py-2"[39m
                [33mhref[39m=[32m"/about"[39m
              [36m>[39m
                [0mAbout[0m
              [36m</a>[39m
              [36m<a[39m
                [33mclass[39m=[32m"text-foreground/80 hover:text-accent-primary transition-colors font-medium header-nav-link focus:outline-none focus:ring-2 focus:ring-accent-primary focus:ring-offset-2 rounded-md px-3 py-2"[39m
                [33mhref[39m=[32m"/portfolio"[39m
              [36m>[39m
                [0mPortfolio[0m
              [36m</a>[39m
              [36m<a[39m
                [33mclass[39m=[32m"text-foreground/80 hover:text-accent-primary transition-colors font-medium header-nav-link focus:outline-none focus:ring-2 focus:ring-accent-primary focus:ring-offset-2 rounded-md px-3 py-2"[39m
                [33mhref[39m=[32m"/gallery"[39m
              [36m>[39m
                [0mGallery[0m
              [36m</a>[39m
              [36m<a[39m
                [33mclass[39m=[32m"text-foreground/80 hover:text-accent-primary transition-colors font-medium header-nav-link focus:outline-none focus:ring-2 focus:ring-accent-primary focus:ring-offset-2 rounded-md px-3 py-2"[39m
                [33mhref[39m=[32m"/projects"[39m
              [36m>[39m
                [0mProjects[0m
              [36m</a>[39m
              [36m<a[39m
                [33mclass[39m=[32m"text-foreground/80 hover:text-accent-primary transition-colors font-medium header-nav-link focus:outline-none focus:ring-2 focus:ring-accent-primary focus:ring-offset-2 rounded-md px-3 py-2"[39m
                [33mhref[39m=[32m"/process"[39m
              [36m>[39m
                [0mProcess[0m
              [36m</a>[39m
              [36m<a[39m
                [33mclass[39m=[32m"text-foreground/80 hover:text-accent-primary transition-colors font-medium header-nav-link focus:outline-none focus:ring-2 focus:ring-accent-primary focus:ring-offset-2 rounded-md px-3 py-2"[39m
                [33mhref[39m=[32m"/timelapses"[39m
              [36m>[39m
                [0mTime-lapse[0m
              [36m</a>[39m
              [36m<a[39m
                [33mclass[39m=[32m"text-foreground/80 hover:text-accent-primary transition-colors font-medium header-nav-link focus:outline-none focus:ring-2 focus:ring-accent-primary focus:ring-offset-2 rounded-md px-3 py-2"[39m
                [33mhref[39m=[32m"/behind-the-scenes"[39m
              [36m>[39m
                [0mBehind Scenes[0m
              [36m</a>[39m
              [36m<a[39m
                [33mclass[39m=[32m"text-foreground/80 hover:text-accent-primary transition-colors font-medium header-nav-link focus:outline-none focus:ring-2 focus:ring-accent-primary focus:ring-offset-2 rounded-md px-3 py-2"[39m
                [33mhref[39m=[32m"/services"[39m
              [36m>[39m
                [0mServices[0m
              [36m</a>[39m
              [36m<a[39m
                [33mclass[39m=[32m"text-foreground/80 hover:text-accent-primary transition-colors font-medium header-nav-link focus:outline-none focus:ring-2 focus:ring-accent-primary focus:ring-offset-2 rounded-md px-3 py-2"[39m
                [33mhref[39m=[32m"/shop"[39m
              [36m>[39m
                [0mShop[0m
              [36m</a>[39m
              [36m<a[39m
                [33mclass[39m=[32m"text-foreground/80 hover:text-accent-primary transition-colors font-medium header-nav-link focus:outline-none focus:ring-2 focus:ring-accent-primary focus:ring-offset-2 rounded-md px-3 py-2"[39m
                [33mhref[39m=[32m"/blog"[39m
              [36m>[39m
                [0mBlog[0m
              [36m</a>[39m
              [36m<a[39m
                [33mclass[39m=[32m"text-foreground/80 hover:text-accent-primary transition-colors font-medium header-nav-link focus:outline-none focus:ring-2 focus:ring-accent-primary focus:ring-offset-2 rounded-md px-3 py-2"[39m
                [33mhref[39m=[32m"/contact"[39m
              [36m>[39m
                [0mContact[0m
              [36m</a>[39m
            [36m</nav>[39m
            [36m<div[39m
              [33mclass[39m=[32m"flex items-center"[39m
            [36m>[39m
              [36m<button[39m
                [33maria-controls[39m=[32m"mobile-menu"[39m
                [33maria-expanded[39m=[32m"false"[39m
                [33maria-label[39m=[32m"Toggle navigation menu"[39m
                [33mclass[39m=[32m"md:hidden mr-4 text-foreground/80 hover:text-accent-primary focus:outline-none focus:ring-2 focus:ring-accent-primary focus:ring-offset-2 rounded-md p-2 mobile-menu-button"[39m
              [36m>[39m
                [36m<svg[39m
                  [33maria-hidden[39m=[32m"true"[39m
                  [33mfill[39m=[32m"none"[39m
                  [33mheight[39m=[32m"24"[39m
                  [33mstroke[39m=[32m"currentColor"[39m
                  [33mstroke-linecap[39m=[32m"round"[39m
                  [33mstroke-linejoin[39m=[32m"round"[39m
                  [33mstroke-width[39m=[32m"2"[39m
                  [33mviewBox[39m=[32m"0 0 24 24"[39m
                  [33mwidth[39m=[32m"24"[39m
                  [33mxmlns[39m=[32m"http://www.w3.org/2000/svg"[39m
                [36m>[39m
                  [36m<line[39m
                    [33mx1[39m=[32m"3"[39m
                    [33mx2[39m=[32m"21"[39m
                    [33my1[39m=[32m"12"[39m
                    [33my2[39m=[32m"12"[39m
                  [36m/>[39m
                  [36m<line[39m
                    [33mx1[39m=[32m"3"[39m
                    [33mx2[39m=[32m"21"[39m
                    [33my1[39m=[32m"6"[39m
                    [33my2[39m=[32m"6"[39m
                  [36m/>[39m
                  [36m<line[39m
                    [33mx1[39m=[32m"3"[39m
                    [33mx2[39m=[32m"21"[39m
                    [33my1[39m=[32m"18"[39m
                    [33my2[39m=[32m"18"[39m
                  [36m/>[39m
                [36m</svg>[39m
              [36m</button>[39m
              [36m<a[39m
                [33mclass[39m=[32m"bg-accent-primary text-background px-4 py-2 rounded-lg font-medium header-cta-button hidden md:block hover:bg-accent-warm transition-colors focus:outline-none focus:ring-2 focus:ring-accent-primary focus:ring-offset-2"[39m
                [33mhref[39m=[32m"/commission"[39m
              [36m>[39m
                [0mCommission a Piece[0m
              [36m</a>[39m
            [36m</div>[39m
          [36m</div>[39m
        [36m</header>[39m
      [36m</div>[39m
    [36m</body>[39m

    [0m [90m 30 |[39m     it([32m'displays the brand logo/name'[39m[33m,[39m () [33m=>[39m {
     [90m 31 |[39m       render([33m<[39m[33mHeader[39m [33m/[39m[33m>[39m)[33m;[39m
    [31m[1m>[22m[39m[90m 32 |[39m       [36mconst[39m logo [33m=[39m screen[33m.[39mgetByRole([32m'link'[39m[33m,[39m { name[33m:[39m [35m/woodcrave|logo/i[39m })[33m;[39m
     [90m    |[39m                           [31m[1m^[22m[39m
     [90m 33 |[39m       expect(logo)[33m.[39mtoBeInTheDocument()[33m;[39m
     [90m 34 |[39m       expect(logo)[33m.[39mtoHaveAttribute([32m'href'[39m[33m,[39m [32m'/'[39m)[33m;[39m
     [90m 35 |[39m     })[33m;[39m[0m

      at Object.getElementError (node_modules/@testing-library/react/node_modules/@testing-library/dom/dist/config.js:37:19)
      at node_modules/@testing-library/react/node_modules/@testing-library/dom/dist/query-helpers.js:76:38
      at node_modules/@testing-library/react/node_modules/@testing-library/dom/dist/query-helpers.js:52:17
      at node_modules/@testing-library/react/node_modules/@testing-library/dom/dist/query-helpers.js:95:19
      at Object.getByRole (tests/unit/Header.test.tsx:32:27)

  ● Header Component › Rendering › renders main navigation menu

    TestingLibraryElementError: Found multiple elements with the role "link" and name `/portfolio|gallery/i`

    Here are the matching elements:

    Ignored nodes: comments, script, style
    [36m<a[39m
      [33mclass[39m=[32m"text-foreground/80 hover:text-accent-primary transition-colors font-medium header-nav-link focus:outline-none focus:ring-2 focus:ring-accent-primary focus:ring-offset-2 rounded-md px-3 py-2"[39m
      [33mhref[39m=[32m"/portfolio"[39m
    [36m>[39m
      [0mPortfolio[0m
    [36m</a>[39m

    Ignored nodes: comments, script, style
    [36m<a[39m
      [33mclass[39m=[32m"text-foreground/80 hover:text-accent-primary transition-colors font-medium header-nav-link focus:outline-none focus:ring-2 focus:ring-accent-primary focus:ring-offset-2 rounded-md px-3 py-2"[39m
      [33mhref[39m=[32m"/gallery"[39m
    [36m>[39m
      [0mGallery[0m
    [36m</a>[39m

    (If this is intentional, then use the `*AllBy*` variant of the query (like `queryAllByText`, `getAllByText`, or `findAllByText`)).

    Ignored nodes: comments, script, style
    [36m<body>[39m
      [36m<div>[39m
        [36m<header[39m
          [33mclass[39m=[32m"px-6 sm:px-8 lg:px-12 py-6 bg-background/95 backdrop-blur-sm shadow-header-black fixed top-0 left-0 right-0 header-container"[39m
          [33mstyle[39m=[32m"z-index: 60; transform: translateY(-100px) translateZ(0);"[39m
        [36m>[39m
          [36m<div[39m
            [33mclass[39m=[32m"container mx-auto flex justify-between items-center max-w-7xl px-4 lg:px-6"[39m
          [36m>[39m
            [36m<div[39m
              [33mclass[39m=[32m"flex items-center"[39m
            [36m>[39m
              [36m<div[39m
                [33mclass[39m=[32m"mr-4 header-logo"[39m
                [33mstyle[39m=[32m"opacity: 0; transform: scale(0.9) translateZ(0);"[39m
              [36m>[39m
                [36m<a[39m
                  [33maria-label[39m=[32m"Lancaster Carving Limited - Home"[39m
                  [33mhref[39m=[32m"/"[39m
                [36m>[39m
                  [36m<div[39m
                    [33mclass[39m=[32m"relative "[39m
                  [36m>[39m
                    [36m<img[39m
                      [33malt[39m=[32m"Lancaster Carving Limited Logo"[39m
                      [33mclass[39m=[32m"transition-opacity duration-300 opacity-0"[39m
                      [33mheight[39m=[32m"32"[39m
                      [33mplaceholder[39m=[32m"empty"[39m
                      [33mquality[39m=[32m"85"[39m
                      [33msizes[39m=[32m"(max-width: 768px) 100vw, (max-width: 1200px) 50vw, 33vw"[39m
                      [33msrc[39m=[32m"/logo.svg"[39m
                      [33mstyle[39m=[32m"width: auto; height: auto;"[39m
                      [33mwidth[39m=[32m"32"[39m
                    [36m/>[39m
                    [36m<div[39m
                      [33mclass[39m=[32m"absolute inset-0 flex items-center justify-center bg-accent-primary/5"[39m
                      [33mstyle[39m=[32m"width: 32px; height: 32px;"[39m
                    [36m>[39m
                      [36m<div[39m
                        [33mclass[39m=[32m"animate-pulse"[39m
                      [36m>[39m
                        [36m<div[39m
                          [33mclass[39m=[32m"w-8 h-8 bg-accent-primary/20 rounded"[39m
                        [36m/>[39m
                      [36m</div>[39m
                    [36m</div>[39m
                  [36m</div>[39m
                [36m</a>[39m
                [0m          [0m
              [36m</div>[39m
              [36m<h1[39m
                [33mclass[39m=[32m"text-2xl font-serif font-bold text-accent-primary"[39m
                [33mstyle[39m=[32m"opacity: 0; transform: translateX(-20px) translateZ(0);"[39m
              [36m>[39m
                [36m<a[39m
                  [33mhref[39m=[32m"/"[39m
                [36m>[39m
                  [0mLancaster Carving Limited[0m
                [36m</a>[39m
              [36m</h1>[39m
            [36m</div>[39m
            [36m<nav[39m
              [33maria-label[39m=[32m"Main navigation"[39m
              [33mclass[39m=[32m"hidden md:flex space-x-8"[39m
              [33mrole[39m=[32m"navigation"[39m
            [36m>[39m
              [36m<a[39m
                [33mclass[39m=[32m"text-foreground/80 hover:text-accent-primary transition-colors font-medium header-nav-link focus:outline-none focus:ring-2 focus:ring-accent-primary focus:ring-offset-2 rounded-md px-3 py-2"[39m
                [33mhref[39m=[32m"/about"[39m
              [36m>[39m
                [0mAbout[0m
              [36m</a>[39m
              [36m<a[39m
                [33mclass[39m=[32m"text-foreground/80 hover:text-accent-primary transition-colors font-medium header-nav-link focus:outline-none focus:ring-2 focus:ring-accent-primary focus:ring-offset-2 rounded-md px-3 py-2"[39m
                [33mhref[39m=[32m"/portfolio"[39m
              [36m>[39m
                [0mPortfolio[0m
              [36m</a>[39m
              [36m<a[39m
                [33mclass[39m=[32m"text-foreground/80 hover:text-accent-primary transition-colors font-medium header-nav-link focus:outline-none focus:ring-2 focus:ring-accent-primary focus:ring-offset-2 rounded-md px-3 py-2"[39m
                [33mhref[39m=[32m"/gallery"[39m
              [36m>[39m
                [0mGallery[0m
              [36m</a>[39m
              [36m<a[39m
                [33mclass[39m=[32m"text-foreground/80 hover:text-accent-primary transition-colors font-medium header-nav-link focus:outline-none focus:ring-2 focus:ring-accent-primary focus:ring-offset-2 rounded-md px-3 py-2"[39m
                [33mhref[39m=[32m"/projects"[39m
              [36m>[39m
                [0mProjects[0m
              [36m</a>[39m
              [36m<a[39m
                [33mclass[39m=[32m"text-foreground/80 hover:text-accent-primary transition-colors font-medium header-nav-link focus:outline-none focus:ring-2 focus:ring-accent-primary focus:ring-offset-2 rounded-md px-3 py-2"[39m
                [33mhref[39m=[32m"/process"[39m
              [36m>[39m
                [0mProcess[0m
              [36m</a>[39m
              [36m<a[39m
                [33mclass[39m=[32m"text-foreground/80 hover:text-accent-primary transition-colors font-medium header-nav-link focus:outline-none focus:ring-2 focus:ring-accent-primary focus:ring-offset-2 rounded-md px-3 py-2"[39m
                [33mhref[39m=[32m"/timelapses"[39m
              [36m>[39m
                [0mTime-lapse[0m
              [36m</a>[39m
              [36m<a[39m
                [33mclass[39m=[32m"text-foreground/80 hover:text-accent-primary transition-colors font-medium header-nav-link focus:outline-none focus:ring-2 focus:ring-accent-primary focus:ring-offset-2 rounded-md px-3 py-2"[39m
                [33mhref[39m=[32m"/behind-the-scenes"[39m
              [36m>[39m
                [0mBehind Scenes[0m
              [36m</a>[39m
              [36m<a[39m
                [33mclass[39m=[32m"text-foreground/80 hover:text-accent-primary transition-colors font-medium header-nav-link focus:outline-none focus:ring-2 focus:ring-accent-primary focus:ring-offset-2 rounded-md px-3 py-2"[39m
                [33mhref[39m=[32m"/services"[39m
              [36m>[39m
                [0mServices[0m
              [36m</a>[39m
              [36m<a[39m
                [33mclass[39m=[32m"text-foreground/80 hover:text-accent-primary transition-colors font-medium header-nav-link focus:outline-none focus:ring-2 focus:ring-accent-primary focus:ring-offset-2 rounded-md px-3 py-2"[39m
                [33mhref[39m=[32m"/shop"[39m
              [36m>[39m
                [0mShop[0m
              [36m</a>[39m
              [36m<a[39m
                [33mclass[39m=[32m"text-foreground/80 hover:text-accent-primary transition-colors font-medium header-nav-link focus:outline-none focus:ring-2 focus:ring-accent-primary focus:ring-offset-2 rounded-md px-3 py-2"[39m
                [33mhref[39m=[32m"/blog"[39m
              [36m>[39m
                [0mBlog[0m
              [36m</a>[39m
              [36m<a[39m
                [33mclass[39m=[32m"text-foreground/80 hover:text-accent-primary transition-colors font-medium header-nav-link focus:outline-none focus:ring-2 focus:ring-accent-primary focus:ring-offset-2 rounded-md px-3 py-2"[39m
                [33mhref[39m=[32m"/contact"[39m
              [36m>[39m
                [0mContact[0m
              [36m</a>[39m
            [36m</nav>[39m
            [36m<div[39m
              [33mclass[39m=[32m"flex items-center"[39m
            [36m>[39m
              [36m<button[39m
                [33maria-controls[39m=[32m"mobile-menu"[39m
                [33maria-expanded[39m=[32m"false"[39m
                [33maria-label[39m=[32m"Toggle navigation menu"[39m
                [33mclass[39m=[32m"md:hidden mr-4 text-foreground/80 hover:text-accent-primary focus:outline-none focus:ring-2 focus:ring-accent-primary focus:ring-offset-2 rounded-md p-2 mobile-menu-button"[39m
              [36m>[39m
                [36m<svg[39m
                  [33maria-hidden[39m=[32m"true"[39m
                  [33mfill[39m=[32m"none"[39m
                  [33mheight[39m=[32m"24"[39m
                  [33mstroke[39m=[32m"currentColor"[39m
                  [33mstroke-linecap[39m=[32m"round"[39m
                  [33mstroke-linejoin[39m=[32m"round"[39m
                  [33mstroke-width[39m=[32m"2"[39m
                  [33mviewBox[39m=[32m"0 0 24 24"[39m
                  [33mwidth[39m=[32m"24"[39m
                  [33mxmlns[39m=[32m"http://www.w3.org/2000/svg"[39m
                [36m>[39m
                  [36m<line[39m
                    [33mx1[39m=[32m"3"[39m
                    [33mx2[39m=[32m"21"[39m
                    [33my1[39m=[32m"12"[39m
                    [33my2[39m=[32m"12"[39m
                  [36m/>[39m
                  [36m<line[39m
                    [33mx1[39m=[32m"3"[39m
                    [33mx2[39m=[32m"21"[39m
                    [33my1[39m=[32m"6"[39m
                    [33my2[39m=[32m"6"[39m
                  [36m/>[39m
                  [36m<line[39m
                    [33mx1[39m=[32m"3"[39m
                    [33mx2[39m=[32m"21"[39m
                    [33my1[39m=[32m"18"[39m
                    [33my2[39m=[32m"18"[39m
                  [36m/>[39m
                [36m</svg>[39m
              [36m</button>[39m
              [36m<a[39m
                [33mclass[39m=[32m"bg-accent-primary text-background px-4 py-2 rounded-lg font-medium header-cta-button hidden md:block hover:bg-accent-warm transition-colors focus:outline-none focus:ring-2 focus:ring-accent-primary focus:ring-offset-2"[39m
                [33mhref[39m=[32m"/commission"[39m
              [36m>[39m
                [0mCommission a Piece[0m
              [36m</a>[39m
            [36m</div>[39m
          [36m</div>[39m
        [36m</header>[39m
      [36m</div>[39m
    [36m</body>[39m

    [0m [90m 41 |[39m       
     [90m 42 |[39m       [90m// Check for main navigation items[39m
    [31m[1m>[22m[39m[90m 43 |[39m       expect(screen[33m.[39mgetByRole([32m'link'[39m[33m,[39m { name[33m:[39m [35m/portfolio|gallery/i[39m }))[33m.[39mtoBeInTheDocument()[33m;[39m
     [90m    |[39m                     [31m[1m^[22m[39m
     [90m 44 |[39m       expect(screen[33m.[39mgetByRole([32m'link'[39m[33m,[39m { name[33m:[39m [35m/about/i[39m }))[33m.[39mtoBeInTheDocument()[33m;[39m
     [90m 45 |[39m       expect(screen[33m.[39mgetByRole([32m'link'[39m[33m,[39m { name[33m:[39m [35m/services/i[39m }))[33m.[39mtoBeInTheDocument()[33m;[39m
     [90m 46 |[39m       expect(screen[33m.[39mgetByRole([32m'link'[39m[33m,[39m { name[33m:[39m [35m/commission|contact/i[39m }))[33m.[39mtoBeInTheDocument()[33m;[39m[0m

      at Object.getElementError (node_modules/@testing-library/react/node_modules/@testing-library/dom/dist/config.js:37:19)
      at getElementError (node_modules/@testing-library/react/node_modules/@testing-library/dom/dist/query-helpers.js:20:35)
      at getMultipleElementsFoundError (node_modules/@testing-library/react/node_modules/@testing-library/dom/dist/query-helpers.js:23:10)
      at node_modules/@testing-library/react/node_modules/@testing-library/dom/dist/query-helpers.js:55:13
      at node_modules/@testing-library/react/node_modules/@testing-library/dom/dist/query-helpers.js:95:19
      at Object.getByRole (tests/unit/Header.test.tsx:43:21)

  ● Header Component › Accessibility › has proper contrast ratios for text elements

    expect(element).toHaveClass("/text-.*|color-.*/")

    Expected the element to have class:
      /text-.*|color-.*/
    Received:
      hidden md:flex space-x-8

    [0m [90m 81 |[39m       
     [90m 82 |[39m       [90m// Check if proper CSS classes are applied for contrast[39m
    [31m[1m>[22m[39m[90m 83 |[39m       expect(navigation)[33m.[39mtoHaveClass([35m/text-.*|color-.*/[39m)[33m;[39m
     [90m    |[39m                          [31m[1m^[22m[39m
     [90m 84 |[39m     })[33m;[39m
     [90m 85 |[39m   })[33m;[39m
     [90m 86 |[39m[0m

      at Object.toHaveClass (tests/unit/Header.test.tsx:83:26)

FAIL tests/integration/user-journeys.test.tsx (5.409 s)
  ● Console

    console.error
      Error: Not implemented: navigation (except hash changes)
          at module.exports (C:\gladen\FixtureSync\daniel\woodcrave\opit2\check2\node_modules\jsdom\lib\jsdom\browser\not-implemented.js:9:17)
          at navigateFetch (C:\gladen\FixtureSync\daniel\woodcrave\opit2\check2\node_modules\jsdom\lib\jsdom\living\window\navigation.js:77:3)
          at exports.navigate (C:\gladen\FixtureSync\daniel\woodcrave\opit2\check2\node_modules\jsdom\lib\jsdom\living\window\navigation.js:55:3)
          at Timeout._onTimeout (C:\gladen\FixtureSync\daniel\woodcrave\opit2\check2\node_modules\jsdom\lib\jsdom\living\nodes\HTMLHyperlinkElementUtils-impl.js:81:7)
          at listOnTimeout (node:internal/timers:573:17)
          at processTimers (node:internal/timers:514:7) {
        type: 'not implemented'
      }

    [0m [90m 135 |[39m     [36mreturn[39m[33m;[39m
     [90m 136 |[39m   }
    [31m[1m>[22m[39m[90m 137 |[39m   originalConsoleError[33m.[39mcall(console[33m,[39m [33m...[39margs)[33m;[39m
     [90m     |[39m                        [31m[1m^[22m[39m
     [90m 138 |[39m }[33m;[39m
     [90m 139 |[39m
     [90m 140 |[39m [90m// Setup performance measurement helpers[39m[0m

      at console.call [as error] (tests/setup.js:137:24)
      at module.exports (node_modules/jsdom/lib/jsdom/browser/not-implemented.js:12:26)
      at navigateFetch (node_modules/jsdom/lib/jsdom/living/window/navigation.js:77:3)
      at exports.navigate (node_modules/jsdom/lib/jsdom/living/window/navigation.js:55:3)
      at Timeout._onTimeout (node_modules/jsdom/lib/jsdom/living/nodes/HTMLHyperlinkElementUtils-impl.js:81:7)

    console.error
      Error: Not implemented: HTMLFormElement.prototype.requestSubmit
          at module.exports (C:\gladen\FixtureSync\daniel\woodcrave\opit2\check2\node_modules\jsdom\lib\jsdom\browser\not-implemented.js:9:17)
          at HTMLFormElementImpl.requestSubmit (C:\gladen\FixtureSync\daniel\woodcrave\opit2\check2\node_modules\jsdom\lib\jsdom\living\nodes\HTMLFormElement-impl.js:113:5)
          at HTMLFormElementImpl._doRequestSubmit (C:\gladen\FixtureSync\daniel\woodcrave\opit2\check2\node_modules\jsdom\lib\jsdom\living\nodes\HTMLFormElement-impl.js:79:10)
          at HTMLButtonElementImpl._activationBehavior (C:\gladen\FixtureSync\daniel\woodcrave\opit2\check2\node_modules\jsdom\lib\jsdom\living\nodes\HTMLButtonElement-impl.js:23:14)
          at HTMLButtonElementImpl._dispatch (C:\gladen\FixtureSync\daniel\woodcrave\opit2\check2\node_modules\jsdom\lib\jsdom\living\events\EventTarget-impl.js:252:26)
          at HTMLButtonElementImpl.dispatchEvent (C:\gladen\FixtureSync\daniel\woodcrave\opit2\check2\node_modules\jsdom\lib\jsdom\living\events\EventTarget-impl.js:104:17)
          at HTMLButtonElement.dispatchEvent (C:\gladen\FixtureSync\daniel\woodcrave\opit2\check2\node_modules\jsdom\lib\jsdom\living\generated\EventTarget.js:241:34)
          at C:\gladen\FixtureSync\daniel\woodcrave\opit2\check2\node_modules\@testing-library\user-event\dist\cjs\event\dispatchEvent.js:45:43
          at Object.eventWrapper (C:\gladen\FixtureSync\daniel\woodcrave\opit2\check2\node_modules\@testing-library\dom\dist\config.js:25:23)
          at Object.wrapEvent (C:\gladen\FixtureSync\daniel\woodcrave\opit2\check2\node_modules\@testing-library\user-event\dist\cjs\event\wrapEvent.js:6:28)
          at Object.dispatchEvent (C:\gladen\FixtureSync\daniel\woodcrave\opit2\check2\node_modules\@testing-library\user-event\dist\cjs\event\dispatchEvent.js:45:22)
          at Object.dispatchUIEvent (C:\gladen\FixtureSync\daniel\woodcrave\opit2\check2\node_modules\@testing-library\user-event\dist\cjs\event\dispatchEvent.js:22:26)
          at Mouse.up (C:\gladen\FixtureSync\daniel\woodcrave\opit2\check2\node_modules\@testing-library\user-event\dist\cjs\system\pointer\mouse.js:100:30)
          at PointerHost.release (C:\gladen\FixtureSync\daniel\woodcrave\opit2\check2\node_modules\@testing-library\user-event\dist\cjs\system\pointer\index.js:87:24)
          at pointerAction (C:\gladen\FixtureSync\daniel\woodcrave\opit2\check2\node_modules\@testing-library\user-event\dist\cjs\pointer\index.js:54:47)
          at Object.pointer (C:\gladen\FixtureSync\daniel\woodcrave\opit2\check2\node_modules\@testing-library\user-event\dist\cjs\pointer\index.js:27:9)
          at Object.<anonymous> (C:\gladen\FixtureSync\daniel\woodcrave\opit2\check2\tests\integration\user-journeys.test.tsx:194:7) {
        type: 'not implemented'
      }

    [0m [90m 135 |[39m     [36mreturn[39m[33m;[39m
     [90m 136 |[39m   }
    [31m[1m>[22m[39m[90m 137 |[39m   originalConsoleError[33m.[39mcall(console[33m,[39m [33m...[39margs)[33m;[39m
     [90m     |[39m                        [31m[1m^[22m[39m
     [90m 138 |[39m }[33m;[39m
     [90m 139 |[39m
     [90m 140 |[39m [90m// Setup performance measurement helpers[39m[0m

      at console.call [as error] (tests/setup.js:137:24)
      at module.exports (node_modules/jsdom/lib/jsdom/browser/not-implemented.js:12:26)
      at HTMLFormElementImpl.requestSubmit (node_modules/jsdom/lib/jsdom/living/nodes/HTMLFormElement-impl.js:113:5)
      at HTMLFormElementImpl._doRequestSubmit (node_modules/jsdom/lib/jsdom/living/nodes/HTMLFormElement-impl.js:79:10)
      at HTMLButtonElementImpl._activationBehavior (node_modules/jsdom/lib/jsdom/living/nodes/HTMLButtonElement-impl.js:23:14)
      at HTMLButtonElementImpl._dispatch (node_modules/jsdom/lib/jsdom/living/events/EventTarget-impl.js:252:26)
      at HTMLButtonElementImpl.dispatchEvent (node_modules/jsdom/lib/jsdom/living/events/EventTarget-impl.js:104:17)
      at HTMLButtonElement.dispatchEvent (node_modules/jsdom/lib/jsdom/living/generated/EventTarget.js:241:34)
      at node_modules/@testing-library/user-event/dist/cjs/event/dispatchEvent.js:45:43
      at Object.eventWrapper (node_modules/@testing-library/dom/dist/config.js:25:23)
      at Object.wrapEvent (node_modules/@testing-library/user-event/dist/cjs/event/wrapEvent.js:6:28)
      at Object.dispatchEvent (node_modules/@testing-library/user-event/dist/cjs/event/dispatchEvent.js:45:22)
      at Object.dispatchUIEvent (node_modules/@testing-library/user-event/dist/cjs/event/dispatchEvent.js:22:26)
      at Mouse.up (node_modules/@testing-library/user-event/dist/cjs/system/pointer/mouse.js:100:30)
      at PointerHost.release (node_modules/@testing-library/user-event/dist/cjs/system/pointer/index.js:87:24)
      at pointerAction (node_modules/@testing-library/user-event/dist/cjs/pointer/index.js:54:47)
      at Object.pointer (node_modules/@testing-library/user-event/dist/cjs/pointer/index.js:27:9)
      at Object.<anonymous> (tests/integration/user-journeys.test.tsx:194:7)

    console.error
      Error: Not implemented: navigation (except hash changes)
          at module.exports (C:\gladen\FixtureSync\daniel\woodcrave\opit2\check2\node_modules\jsdom\lib\jsdom\browser\not-implemented.js:9:17)
          at navigateFetch (C:\gladen\FixtureSync\daniel\woodcrave\opit2\check2\node_modules\jsdom\lib\jsdom\living\window\navigation.js:77:3)
          at exports.navigate (C:\gladen\FixtureSync\daniel\woodcrave\opit2\check2\node_modules\jsdom\lib\jsdom\living\window\navigation.js:55:3)
          at Timeout._onTimeout (C:\gladen\FixtureSync\daniel\woodcrave\opit2\check2\node_modules\jsdom\lib\jsdom\living\nodes\HTMLHyperlinkElementUtils-impl.js:81:7)
          at listOnTimeout (node:internal/timers:573:17)
          at processTimers (node:internal/timers:514:7) {
        type: 'not implemented'
      }

    [0m [90m 135 |[39m     [36mreturn[39m[33m;[39m
     [90m 136 |[39m   }
    [31m[1m>[22m[39m[90m 137 |[39m   originalConsoleError[33m.[39mcall(console[33m,[39m [33m...[39margs)[33m;[39m
     [90m     |[39m                        [31m[1m^[22m[39m
     [90m 138 |[39m }[33m;[39m
     [90m 139 |[39m
     [90m 140 |[39m [90m// Setup performance measurement helpers[39m[0m

      at console.call [as error] (tests/setup.js:137:24)
      at module.exports (node_modules/jsdom/lib/jsdom/browser/not-implemented.js:12:26)
      at navigateFetch (node_modules/jsdom/lib/jsdom/living/window/navigation.js:77:3)
      at exports.navigate (node_modules/jsdom/lib/jsdom/living/window/navigation.js:55:3)
      at Timeout._onTimeout (node_modules/jsdom/lib/jsdom/living/nodes/HTMLHyperlinkElementUtils-impl.js:81:7)

  ● Integration Tests - Full User Journeys › Page Navigation Flow › allows users to navigate through main sections

    expect(jest.fn()).toHaveBeenCalledWith(...expected)

    Expected: "#portfolio"

    Number of calls: 0

    [0m [90m 141 |[39m
     [90m 142 |[39m       [90m// Should scroll to portfolio section[39m
    [31m[1m>[22m[39m[90m 143 |[39m       expect(mockScrollTo)[33m.[39mtoHaveBeenCalledWith([32m'#portfolio'[39m)[33m;[39m
     [90m     |[39m                            [31m[1m^[22m[39m
     [90m 144 |[39m     })[33m;[39m
     [90m 145 |[39m
     [90m 146 |[39m     it([32m'provides keyboard navigation throughout the site'[39m[33m,[39m [36masync[39m () [33m=>[39m {[0m

      at Object.toHaveBeenCalledWith (tests/integration/user-journeys.test.tsx:143:28)

Test Suites: 3 failed, 1 passed, 4 total
Tests:       5 failed, 64 passed, 69 total
Snapshots:   0 total
Time:        6.455 s
Ran all test suites.
